=== 2026-09-22 01:12:31 audit dubbo-3.3.6
dubbo-3.3.6: 81 SUCCESS entries without an AI audit
[1/81] LOW      org.apache.dubbo.common.logger.Logger::1
[2/81] LOW      org.apache.dubbo.remoting.ChannelHandler::1
[3/81] LOW      java.sql.Connection::1
[4/81] LOW      org.apache.dubbo.registry.integration.RegistryProtocol::1
[5/81] LOW      org.apache.dubbo.registry.client.migration.MigrationRuleHandler<?>::1
[6/81] LOW      org.apache.dubbo.rpc.Invoker<java.lang.Object>::1
[7/81] LOW      java.util.concurrent.Flow.Subscription::1
[8/81] LOW      org.apache.dubbo.registry.nacos.NacosConnectionManager::1
[9/81] LOW      ChannelPromise::1
[10/81] LOW      org.apache.dubbo.common.utils.Log::1
[11/81] LOW      org.apache.dubbo.rpc.cluster.Directory<?>::1
[12/81] LOW      java.net.InetAddress::1
[13/81] LOW      org.apache.dubbo.common.URL::1
[14/81] LOW      org.apache.dubbo.common.URL::2
[15/81] LOW      org.apache.dubbo.rpc.cluster.router.mesh.route.MeshEnvListenerFactory::1
[16/81] LOW      org.apache.dubbo.common.stream.StreamObserver<java.lang.String>::1
[17/81] LOW      ChannelFuture::1
[18/81] LOW      ChannelFuture::2
[19/81] LOW      Channel::1
[20/81] LOW      Channel::2
[21/81] LOW      org.apache.dubbo.metadata.MetadataService::1
[22/81] LOW      org.apache.dubbo.remoting.Channel::1
[23/81] LOW      org.apache.dubbo.remoting.Channel::2
[24/81] LOW      java.util.List::1
[25/81] LOW      org.apache.dubbo.rpc.cluster.ClusterInvoker::1
[26/81] LOW      org.apache.dubbo.rpc.cluster.ClusterInvoker::2
[27/81] LOW      org.apache.dubbo.rpc.cluster.ClusterInvoker::3
[28/81] LOW      org.apache.dubbo.common.config.CompositeConfiguration::1
[29/81] LOW      org.apache.dubbo.rpc.Invoker<org.apache.dubbo.rpc.support.DemoService>::1
[30/81] LOW      java.lang.ClassLoader::1
[31/81] LOW      org.apache.dubbo.rpc.Invoker<org.apache.dubbo.rpc.cluster.router.mock.MockInvokersSelectorTest.DemoService>::1
[32/81] LOW      org.apache.dubbo.registry.Registry::1
[33/81] LOW      org.apache.dubbo.auth.model.AccessKeyPair::1
[34/81] LOW      org.apache.dubbo.common.extension.ExtensionLoader::1
[35/81] LOW      org.apache.dubbo.registry.client.migration.MigrationRuleListener::1
[36/81] LOW      org.apache.dubbo.rpc.Invoker<?>::1
[37/81] LOW      org.apache.dubbo.registry.client.migration.model.MigrationRule::1
[38/81] LOW      org.apache.dubbo.rpc.Invocation::1
[39/81] LOW      org.apache.dubbo.rpc.Invocation::2
[40/81] LOW      org.apache.dubbo.rpc.Invocation::3
[41/81] LOW      org.apache.dubbo.rpc.Invocation::5
[42/81] LOW      org.apache.dubbo.rpc.Invocation::6
[43/81] LOW      org.apache.dubbo.rpc.Invocation::7
[44/81] LOW      ChannelHandlerContext::1
[45/81] LOW      ChannelHandlerContext::2
[46/81] LOW      ChannelHandlerContext::3
[47/81] LOW      ChannelHandlerContext::4
[48/81] LOW      ChannelHandlerContext::5
[49/81] LOW      ChannelHandlerContext::6
[50/81] LOW      org.apache.dubbo.rpc.Invoker::2
[51/81] LOW      org.apache.dubbo.rpc.Invoker::3
[52/81] LOW      org.apache.dubbo.rpc.Invoker::5
[53/81] LOW      org.apache.dubbo.rpc.Invoker::6
[54/81] LOW      org.apache.dubbo.rpc.Invoker::7
[55/81] LOW      org.apache.dubbo.config.context.ConfigManager::1
[56/81] LOW      org.apache.dubbo.registry.NotifyListener::2
[57/81] LOW      org.apache.dubbo.registry.NotifyListener::3
[58/81] LOW      org.apache.dubbo.rpc.Protocol::1
[59/81] LOW      org.apache.dubbo.common.extension.ExtensionLoader<org.apache.dubbo.registry.integration.RegistryProtocolListener>::1
[60/81] LOW      org.apache.dubbo.auth.AccessKeyAuthenticator::1
[61/81] LOW      NamingService::1
[62/81] LOW      NamingService::4
[63/81] LOW      org.apache.dubbo.rpc.Invoker<org.apache.dubbo.rpc.cluster.StickyTest>::1
[64/81] LOW      javax.sql.DataSource::1
[65/81] LOW      org.apache.dubbo.registry.integration.DynamicDirectory::1
[66/81] LOW      org.apache.dubbo.qos.api.CommandContext::1
[67/81] LOW      EventListener::1
[68/81] LOW      org.apache.dubbo.rpc.protocol.tri.observer.CallStreamObserver<java.lang.String>::1
[69/81] LOW      org.apache.dubbo.rpc.protocol.tri.observer.CallStreamObserver<java.lang.String>::2
[70/81] LOW      java.util.concurrent.ExecutorService::1
[71/81] LOW      HttpRequest::1
[72/81] LOW      org.apache.dubbo.rpc.cluster.router.mesh.route.MeshEnvListener::1
[73/81] LOW      org.apache.dubbo.monitor.MonitorFactory::1
[74/81] LOW      org.apache.dubbo.rpc.cluster.Cluster::1
[75/81] LOW      org.apache.dubbo.monitor.Monitor::1
[76/81] LOW      ChannelPipeline::1
[77/81] LOW      org.apache.dubbo.config.spring.status.SpringStatusCheckerTest.ApplicationLifeCycle::1
[78/81] LOW      org.apache.dubbo.rpc.cluster.Directory::1
[79/81] LOW      org.apache.dubbo.rpc.model.StubMethodDescriptor::1
[80/81] LOW      org.apache.dubbo.registry.client.migration.MigrationInvoker<?>::1
[81/81] LOW      org.apache.dubbo.registry.client.migration.MigrationInvoker<?>::2
=== 2026-09-22 01:16:29 exit 0 : audit dubbo-3.3.6
=== 2026-09-22 01:16:29 pit spring-security-7.1.1 --limit 1
copying project -> D:\Java_projects\Spring\.clonedemocker-workspaces\pit-replay-spring-security-7.1.1
[1/1     20s +   20s] pit=UNAVAILABLE/UNAVAILABLE delta=None regressed=False diffIdentical=True XmlReaderContext::1
=== 2026-09-22 01:16:54 exit 0 : pit spring-security-7.1.1 --limit 1
=== 2026-09-22 01:16:54 pit dubbo-3.3.6
=== 2026-09-22 01:17:13 exit 0 : pit dubbo-3.3.6
=== 2026-09-22 01:17:13 pit spring-security-7.1.1
[2/305      0s +    0s] pit=UNAVAILABLE/UNAVAILABLE delta=None regressed=False diffIdentical=True java.util.function.Supplier<org.springframework.security.oauth2.jwt.ReactiveJwtDecoder>::1
[3/305      1s +    0s] pit=UNAVAILABLE/UNAVAILABLE delta=None regressed=False diffIdentical=True org.springframework.security.authorization.AuthorizationManager<org.springframework.security.authorization.method.MethodInvocationResult>::1
[4/305      1s +    0s] pit=UNAVAILABLE/UNAVAILABLE delta=None regressed=False diffIdentical=True org.springframework.security.acls.model.ObjectIdentity::1
[5/305      1s +    0s] pit=UNAVAILABLE/UNAVAILABLE delta=None regressed=False diffIdentical=True OAuth2AccessToken::1
[6/305      2s +    0s] pit=UNAVAILABLE/UNAVAILABLE delta=None regressed=False diffIdentical=True OAuth2AccessToken::2
[7/305      2s +    0s] pit=UNAVAILABLE/UNAVAILABLE delta=None regressed=False diffIdentical=True ApplicationEventPublisher::1
[8/305      2s +    0s] pit=UNAVAILABLE/UNAVAILABLE delta=None regressed=False diffIdentical=True ApplicationEventPublisher::2
[9/305      3s +    0s] pit=UNAVAILABLE/UNAVAILABLE delta=None regressed=False diffIdentical=True Converter<List<JWK>,JWK>::1
[10/305      3s +    0s] pit=UNAVAILABLE/UNAVAILABLE delta=None regressed=False diffIdentical=True Converter::1
[11/305      3s +    0s] pit=UNAVAILABLE/UNAVAILABLE delta=None regressed=False diffIdentical=True org.springframework.security.core.userdetails.UserDetailsPasswordService::1
[12/305      4s +    0s] pit=UNAVAILABLE/UNAVAILABLE delta=None regressed=False diffIdentical=True org.springframework.security.core.AuthenticationException::1
[13/305      4s +    0s] pit=UNAVAILABLE/UNAVAILABLE delta=None regressed=False diffIdentical=True Converter<TokenExchangeGrantRequest,HttpHeaders>::1
[14/305      4s +    0s] pit=UNAVAILABLE/UNAVAILABLE delta=None regressed=False diffIdentical=True ServerAuthenticationFailureHandler::1
[15/305      5s +    0s] pit=UNAVAILABLE/UNAVAILABLE delta=None regressed=False diffIdentical=True Converter<ResponseToken,Saml2Authentication>::1
[16/305      5s +    0s] pit=UNAVAILABLE/UNAVAILABLE delta=None regressed=False diffIdentical=True Converter<JwtBearerGrantRequest,HttpHeaders>::1
[17/305      5s +    0s] pit=UNAVAILABLE/UNAVAILABLE delta=None regressed=False diffIdentical=True TestContext::1
[18/305      6s +    0s] pit=UNAVAILABLE/UNAVAILABLE delta=None regressed=False diffIdentical=True org.springframework.security.oauth2.server.resource.introspection.OpaqueTokenIntrospector::1
[19/305      6s +    0s] pit=UNAVAILABLE/UNAVAILABLE delta=None regressed=False diffIdentical=True Converter<OAuth2RefreshTokenGrantRequest,MultiValueMap<String,String>>::1
[20/305      6s +    0s] pit=UNAVAILABLE/UNAVAILABLE delta=None regressed=False diffIdentical=True BeanDefinitionRegistry::1
[21/305      7s +    0s] pit=UNAVAILABLE/UNAVAILABLE delta=None regressed=False diffIdentical=True org.springframework.security.oauth2.server.authorization.token.OAuth2TokenGenerator<org.springframework.security.oauth2.core.OAuth2Token>::1
[22/305      7s +    0s] pit=UNAVAILABLE/UNAVAILABLE delta=None regressed=False diffIdentical=True org.springframework.security.oauth2.server.authorization.token.OAuth2TokenGenerator<org.springframework.security.oauth2.core.OAuth2Token>::2
[23/305      7s +    0s] pit=UNAVAILABLE/UNAVAILABLE delta=None regressed=False diffIdentical=True org.springframework.security.acls.model.Acl::1
[24/305      7s +    0s] pit=UNAVAILABLE/UNAVAILABLE delta=None regressed=False diffIdentical=True org.springframework.security.acls.model.Acl::2
[25/305      8s +    0s] pit=UNAVAILABLE/UNAVAILABLE delta=None regressed=False diffIdentical=True MetadataResolver::1
[26/305      8s +    0s] pit=UNAVAILABLE/UNAVAILABLE delta=None regressed=False diffIdentical=True Converter<OAuth2ClientCredentialsGrantRequest,MultiValueMap<String,String>>::1
[27/305      8s +    0s] pit=UNAVAILABLE/UNAVAILABLE delta=None regressed=False diffIdentical=True org.springframework.security.authentication.AuthenticationTrustResolver::1
[28/305      9s +    0s] pit=UNAVAILABLE/UNAVAILABLE delta=None regressed=False diffIdentical=True org.springframework.security.authentication.AuthenticationTrustResolver::2
[29/305      9s +    0s] pit=UNAVAILABLE/UNAVAILABLE delta=None regressed=False diffIdentical=True Converter<TokenExchangeGrantRequest,MultiValueMap<String,String>>::1
[30/305      9s +    0s] pit=UNAVAILABLE/UNAVAILABLE delta=None regressed=False diffIdentical=True Converter<Object,String>::1
[31/305     10s +    0s] pit=UNAVAILABLE/UNAVAILABLE delta=None regressed=False diffIdentical=True org.springframework.security.oauth2.core.user.OAuth2User::1
[32/305     10s +    0s] pit=UNAVAILABLE/UNAVAILABLE delta=None regressed=False diffIdentical=True org.springframework.security.oauth2.core.user.OAuth2User::2
[33/305     10s +    0s] pit=UNAVAILABLE/UNAVAILABLE delta=None regressed=False diffIdentical=True TicketValidator::1
[34/305     11s +    0s] pit=UNAVAILABLE/UNAVAILABLE delta=None regressed=False diffIdentical=True org.springframework.security.config.ObjectPostProcessor<java.lang.Object>::1
[35/305     11s +    0s] pit=UNAVAILABLE/UNAVAILABLE delta=None regressed=False diffIdentical=True RestOperations::1
[36/305     11s +    0s] pit=UNAVAILABLE/UNAVAILABLE delta=None regressed=False diffIdentical=True RestOperations::2
[37/305     11s +    0s] pit=UNAVAILABLE/UNAVAILABLE delta=None regressed=False diffIdentical=True RestOperations::3
[38/305     12s +    0s] pit=UNAVAILABLE/UNAVAILABLE delta=None regressed=False diffIdentical=True org.springframework.security.authorization.method.AuthorizationAdvisor::1
[39/305     12s +    0s] pit=UNAVAILABLE/UNAVAILABLE delta=None regressed=False diffIdentical=True RequestEntity::1
[40/305     12s +    0s] pit=UNAVAILABLE/UNAVAILABLE delta=None regressed=False diffIdentical=True org.springframework.security.web.csrf.CsrfTokenRepository::1
[41/305     13s +    0s] pit=UNAVAILABLE/UNAVAILABLE delta=None regressed=False diffIdentical=True org.springframework.security.web.csrf.CsrfTokenRepository::2
[42/305     13s +    0s] pit=UNAVAILABLE/UNAVAILABLE delta=None regressed=False diffIdentical=True org.springframework.security.web.csrf.CsrfTokenRepository::3
[43/305     13s +    0s] pit=UNAVAILABLE/UNAVAILABLE delta=None regressed=False diffIdentical=True RequestPostProcessor::1
[44/305     14s +    0s] pit=UNAVAILABLE/UNAVAILABLE delta=None regressed=False diffIdentical=True org.springframework.security.authorization.method.AuthorizationManagerBeforeReactiveMethodInterceptorTests.HandlingReactiveAuthorizationManager::1
[45/305     14s +    0s] pit=UNAVAILABLE/UNAVAILABLE delta=None regressed=False diffIdentical=True BeanDefinitionParserDelegate::1
[46/305     14s +    0s] pit=UNAVAILABLE/UNAVAILABLE delta=None regressed=False diffIdentical=True FilterRegistration.Dynamic::1
[47/305     15s +    0s] pit=UNAVAILABLE/UNAVAILABLE delta=None regressed=False diffIdentical=True ServerAuthenticationSuccessHandler::1
[48/305     15s +    0s] pit=UNAVAILABLE/UNAVAILABLE delta=None regressed=False diffIdentical=True org.springframework.security.saml2.provider.service.registration.RelyingPartyRegistrationRepository::1
[49/305     15s +    0s] pit=UNAVAILABLE/UNAVAILABLE delta=None regressed=False diffIdentical=True javax.naming.ldap.Control::1
[50/305     15s +    0s] pit=UNAVAILABLE/UNAVAILABLE delta=None regressed=False diffIdentical=True org.springframework.security.authorization.ReactiveAuthorizationManager<org.springframework.security.authorization.method.MethodInvocationResult>::1
[51/305     16s +    0s] pit=UNAVAILABLE/UNAVAILABLE delta=None regressed=False diffIdentical=True AsyncContext::1
[52/305     16s +    0s] pit=UNAVAILABLE/UNAVAILABLE delta=None regressed=False diffIdentical=True ReactiveUserDetailsService::1
[53/305     16s +    0s] pit=UNAVAILABLE/UNAVAILABLE delta=None regressed=False diffIdentical=True org.springframework.security.web.RedirectStrategy::1
[54/305     17s +    0s] pit=UNAVAILABLE/UNAVAILABLE delta=None regressed=False diffIdentical=True WebApplicationContext::1
[55/305     17s +    0s] pit=UNAVAILABLE/UNAVAILABLE delta=None regressed=False diffIdentical=True org.springframework.security.access.intercept.AfterInvocationManager::1
[56/305     17s +    0s] pit=UNAVAILABLE/UNAVAILABLE delta=None regressed=False diffIdentical=True org.springframework.security.access.intercept.AfterInvocationManager::2
[57/305     18s +    0s] pit=UNAVAILABLE/UNAVAILABLE delta=None regressed=False diffIdentical=True org.springframework.security.web.server.authentication.ServerAuthenticationConverter::1
[58/305     18s +    0s] pit=UNAVAILABLE/UNAVAILABLE delta=None regressed=False diffIdentical=True org.springframework.security.authorization.ReactiveAuthorizationManager<org.springframework.security.rsocket.util.matcher.PayloadExchangeAuthorizationContext>::1
[59/305     18s +    0s] pit=UNAVAILABLE/UNAVAILABLE delta=None regressed=False diffIdentical=True org.springframework.security.ldap.authentication.LdapAuthenticator::1
